Microchip MPLAB XC8 Compiler V2.41

Linker command line:

-W-3 \
  --edf=C:\Program Files\Microchip\xc8\v2.41\pic\dat\20230208172133_en.msgs \
  -cn -h+dist/default/production\LedTest.X.production.sym \
  --cmf=dist/default/production\LedTest.X.production.cmf -z -Q18F4520 \
  -oC:\Users\das_m\AppData\Local\Temp\xcAs5sg.\driver_tmp_3.o \
  --defsym=__MPLAB_BUILD=1 --fixupoverflow=error \
  -Mdist/default/production/LedTest.X.production.map \
  --md=C:\Users\das_m\AppData\Local\Temp\xcAs5sg.\driver_tmp_0.dat -E1 \
  -ver=XC8 Compiler --acfsm=1493 -ACODE=00h-07FFFh -ACONST=00h-07FFFh \
  -ASMALLCONST=0600h-06FFhx122 -AMEDIUMCONST=0600h-07FFFh -ACOMRAM=01h-07Fh \
  -AABS1=00h-05FFh -ABIGRAM=01h-05FFh -ARAM=080h-0FFh,0100h-01FFhx5 \
  -ABANK0=080h-0FFh -ABANK1=0100h-01FFh -ABANK2=0200h-02FFh \
  -ABANK3=0300h-03FFh -ABANK4=0400h-04FFh -ABANK5=0500h-05FFh \
  -ASFR=0F80h-0FFFh -ABIGSFR=0F80h-0FFFh -ACONFIG=0300000h-030000Dh \
  -AIDLOC=0200000h-0200007h -AEEDATA=0F00000h-0F000FFh -peeprom_data=EEDATA \
  -preset_vec=00h,intcode=08h,intcodelo,powerup,init -pramtop=0600h \
  -psmallconst=SMALLCONST -pmediumconst=MEDIUMCONST -pconst=CONST \
  -AFARRAM=00h-00h \
  -prdata=COMRAM,nvrram=COMRAM,nvbit=COMRAM,rbss=COMRAM,rbit=COMRAM \
  -pfarbss=FARRAM,fardata=FARRAM,nvFARRAM=FARRAM \
  -pintsave_regs=BIGRAM,bigbss=BIGRAM,bigdata=BIGRAM -pbss=RAM \
  -pidata=CODE,irdata=CODE,ibigdata=CODE,ifardata=CODE -prparam=COMRAM \
  C:\Users\das_m\AppData\Local\Temp\xcAs5sg.\driver_tmp_9.o \
  dist/default/production\LedTest.X.production.o 

Object code version is 3.11

Machine type is 18F4520



                Name                               Link     Load   Length Selector   Space Scale
C:\Users\das_m\AppData\Local\Temp\xcAs5sg.\driver_tmp_9.o
                idloc                            200000   200000        8        0       5
                config                           300000   300000        E        0       4
                init                                  E        E        4        4       0
                reset_vec                             0        0        4        0       0
dist/default/production\LedTest.X.production.o
                intcode                               8        8        6        4       0
                idloc                            200000   200000        8        0       5
                config                           300000   300000        E        0       4
                temp                                 55       55        1        1       1
                smallconst                          600      600       2A      300       0
                text23                              EEE      EEE       3E      315       0
                text22                              DB0      DB0       64      315       0
                text21                              8EA      8EA      20C      315       0
                intcode_body                        CE6      CE6       66      315       0
                text19                             10D2     10D2        4      315       0
                text18                              FD2      FD2       2C      315       0
                text17                             10C2     10C2        A      315       0
                text16                             106C     106C       1A      315       0
                text15                             10B0     10B0       12      315       0
                text14                              BBC      BBC       B6      315       0
                text13                             1048     1048       24      315       0
                text12                             1086     1086       16      315       0
                text11                              C72      C72       74      315       0
                text10                              D4C      D4C       64      315       0
                text9                               FFE      FFE       26      315       0
                text8                               FA0      FA0       32      315       0
                text7                              1024     1024       24      315       0
                text6                               AF6      AF6       C6      315       0
                text5                              109C     109C       14      315       0
                text4                               E62      E62       4C      315       0
                text3                               F66      F66       3A      315       0
                text2                               EAE      EAE       40      315       0
                text1                               E14      E14       4E      315       0
                text0                               62A      62A      2C0      315       0
                cstackCOMRAM                         34       34       19        1       1
                dataCOMRAM                           4D       4D        6        1       1
                bssCOMRAM                             1        1       33        1       1
                cinit                               F2C      F2C       3A      315       0
                nvCOMRAM                             53       53        2        1       1
                idataCOMRAM                        10CC     10CC        6      315       0

TOTAL           Name                               Link     Load   Length     Space
        CLASS   CODE           
                intcode                               8        8        6         0
                init                                  E        E        4         0
                reset_vec                             0        0        4         0
                text23                              EEE      EEE       3E         0
                text22                              DB0      DB0       64         0
                text21                              8EA      8EA      20C         0
                intcode_body                        CE6      CE6       66         0
                text19                             10D2     10D2        4         0
                text18                              FD2      FD2       2C         0
                text17                             10C2     10C2        A         0
                text16                             106C     106C       1A         0
                text15                             10B0     10B0       12         0
                text14                              BBC      BBC       B6         0
                text13                             1048     1048       24         0
                text12                             1086     1086       16         0
                text11                              C72      C72       74         0
                text10                              D4C      D4C       64         0
                text9                               FFE      FFE       26         0
                text8                               FA0      FA0       32         0
                text7                              1024     1024       24         0
                text6                               AF6      AF6       C6         0
                text5                              109C     109C       14         0
                text4                               E62      E62       4C         0
                text3                               F66      F66       3A         0
                text2                               EAE      EAE       40         0
                text1                               E14      E14       4E         0
                text0                               62A      62A      2C0         0
                cinit                               F2C      F2C       3A         0
                idataCOMRAM                        10CC     10CC        6         0

        CLASS   CONST          

        CLASS   SMALLCONST     
                smallconst                          600      600       2A         0

        CLASS   MEDIUMCONST    

        CLASS   COMRAM         
                temp                                 55       55        1         1
                cstackCOMRAM                         34       34       19         1
                dataCOMRAM                           4D       4D        6         1
                bssCOMRAM                             1        1       33         1
                nvCOMRAM                             53       53        2         1

        CLASS   ABS1           

        CLASS   BIGRAM         

        CLASS   RAM            

        CLASS   BANK0          

        CLASS   BANK1          

        CLASS   BANK2          

        CLASS   BANK3          

        CLASS   BANK4          

        CLASS   BANK5          

        CLASS   SFR            

        CLASS   BIGSFR         

        CLASS   CONFIG         
                config                           300000   300000        E         4

        CLASS   IDLOC          
                idloc                            200000   200000        8         5

        CLASS   EEDATA         

        CLASS   FARRAM         

        CLASS   HEAP           

        CLASS   STACK          



SEGMENTS        Name                           Load    Length   Top    Selector   Space  Class

                reset_vec                      000000  000004  000004         0       0  CODE    
                bssCOMRAM                      000001  000055  000056         1       1  COMRAM  
                intcode                        000008  00000A  000012         4       0  CODE    
                smallconst                     000600  00002A  00062A       300       0  SMALLCON
                text0                          00062A  000AAC  0010D6       315       0  CODE    


UNUSED ADDRESS RANGES

        Name                Unused          Largest block    Delta
        BANK0            000080-0000FF               80
        BANK1            000100-0001FF              100
        BANK2            000200-0002FF              100
        BANK3            000300-0003FF              100
        BANK4            000400-0004FF              100
        BANK5            000500-0005FF              100
        BIGRAM           000056-0005FF              5AA
        BIGSFR           000F80-000FFF               80
        CODE             000004-000007                4
                         000012-0005FF              5EE
                         0010D6-007FFF             6F2A
        COMRAM           000056-00007F               2A
        CONST            000004-000007                4
                         000012-0005FF              5EE
                         0010D6-007FFF             6F2A
        EEDATA           F00000-F000FF              100
        MEDIUMCONST      0010D6-007FFF             6F2A
        RAM              000080-0005FF              100
        SFR              000F80-000FFF               80
        SMALLCONST       0010D6-007FFF              100

                                  Symbol Table

?___lwdiv                              cstackCOMRAM 00003F
?___lwmod                              cstackCOMRAM 00003F
?i2___lwmod                            cstackCOMRAM 000034
DATAEE_ReadByte@bAdd                   cstackCOMRAM 00003F
DATAEE_WriteByte@GIEBitValue           cstackCOMRAM 000041
DATAEE_WriteByte@bAdd                  cstackCOMRAM 000040
DATAEE_WriteByte@bData                 cstackCOMRAM 00003F
_ADCON0                                (abs)        000FC2
_ADCON0bits                            (abs)        000FC2
_ADCON1                                (abs)        000FC1
_ADCON2                                (abs)        000FC0
_ADRES                                 (abs)        000FC3
_CCP1CON                               (abs)        000FBD
_CCP1CONbits                           (abs)        000FBD
_CCPR1L                                (abs)        000FBE
_DATAEE_ReadByte                       text5        00109C
_DATAEE_WriteByte                      text2        000EAE
_EEADR                                 (abs)        000FA9
_EECON1bits                            (abs)        000FA6
_EECON2                                (abs)        000FA7
_EEDATA                                (abs)        000FA8
_INTCON2bits                           (abs)        000FF1
_INTCONbits                            (abs)        000FF2
_INTERRUPT_Initialize                  text19       0010D2
_INTERRUPT_InterruptManagerLow         intcode      000008
_IPR1bits                              (abs)        000F9F
_IPR2bits                              (abs)        000FA2
_LATBbits                              (abs)        000F8A
_LATCbits                              (abs)        000F8B
_LATD                                  (abs)        000F8C
_LVDCON                                (abs)        000FD2
_LVDCONbits                            (abs)        000FD2
_PIE1bits                              (abs)        000F9D
_PIE2bits                              (abs)        000FA0
_PIR1bits                              (abs)        000F9E
_PIR2bits                              (abs)        000FA1
_PORTBbits                             (abs)        000F81
_PR2                                   (abs)        000FCB
_RCONbits                              (abs)        000FD0
_RCSTAbits                             (abs)        000FAB
_SPBRG                                 (abs)        000FAF
_SYSTEM_Initialize                     text15       0010B0
_SetPoint                              bssCOMRAM    000033
_T0CON                                 (abs)        000FD5
_T0CONbits                             (abs)        000FD5
_T2CON                                 (abs)        000FCA
_T3CON                                 (abs)        000FB1
_TABLAT                                (abs)        000FF5
_TBLPTRH                               (abs)        000FF7
_TBLPTRL                               (abs)        000FF6
_TBLPTRU                               (abs)        000FF8
_TMR0H                                 (abs)        000FD7
_TMR0L                                 (abs)        000FD6
_TMR3H                                 (abs)        000FB3
_TMR3L                                 (abs)        000FB2
_TRISA                                 (abs)        000F92
_TRISAbits                             (abs)        000F92
_TRISBbits                             (abs)        000F93
_TRISCbits                             (abs)        000F94
_TRISD                                 (abs)        000F95
_TXSTAbits                             (abs)        000FAC
__HRAM                                 (abs)        000000
__H__absolute__                        __absolute__ 000000
__Habs1                                abs1         000000
__Hbank0                               bank0        000000
__Hbank1                               bank1        000000
__Hbank2                               bank2        000000
__Hbank3                               bank3        000000
__Hbank4                               bank4        000000
__Hbank5                               bank5        000000
__Hbigbss                              bigbss       000000
__Hbigdata                             bigdata      000000
__Hbigram                              bigram       000000
__Hbigsfr                              bigsfr       000000
__Hbss                                 bss          000000
__HbssCOMRAM                           bssCOMRAM    000000
__Hcinit                               cinit        000000
__Hclrtext                             clrtext      000000
__Hcomram                              comram       000000
__Hconfig                              config       30000E
__Hconst                               const        000000
__HcstackCOMRAM                        cstackCOMRAM 000000
__Hdata                                data         000000
__HdataCOMRAM                          dataCOMRAM   000000
__Heeprom_data                         eeprom_data  000000
__Hfarbss                              farbss       000000
__Hfardata                             fardata      000000
__Hheap                                heap         000000
__Hibigdata                            ibigdata     000000
__Hidata                               idata        000000
__HidataCOMRAM                         idataCOMRAM  000000
__Hidloc                               idloc        200008
__Hifardata                            ifardata     000000
__Hinit                                init         000012
__Hintcode                             intcode      00000E
__Hintcode_body                        intcode_body 000000
__Hintcodelo                           intcodelo    00000E
__Hintentry                            intentry     000000
__Hintret                              intret       000000
__Hintsave_regs                        intsave_regs 000000
__Hirdata                              irdata       000000
__Hmediumconst                         mediumconst  000000
__HnvCOMRAM                            nvCOMRAM     000000
__HnvFARRAM                            nvFARRAM     000000
__Hnvbit                               nvbit        000000
__Hnvrram                              nvrram       000000
__Hparam                               rparam       000000
__Hpowerup                             powerup      00000E
__Hram                                 ram          000000
__Hramtop                              ramtop       000600
__Hrbit                                rbit         000000
__Hrbss                                rbss         000000
__Hrdata                               rdata        000000
__Hreset_vec                           reset_vec    000004
__Hrparam                              rparam       000000
__Hsfr                                 sfr          000000
__Hsmallconst                          smallconst   00062A
__Hspace_0                             (abs)        0010D6
__Hspace_1                             (abs)        000056
__Hspace_2                             (abs)        000000
__Hspace_4                             (abs)        60000E
__Hstack                               stack        000000
__Hstruct                              struct       000000
__Htemp                                temp         000056
__Htext                                text         000000
__Htext0                               text0        000000
__Htext1                               text1        000000
__Htext10                              text10       000000
__Htext11                              text11       000000
__Htext12                              text12       000000
__Htext13                              text13       000000
__Htext14                              text14       000000
__Htext15                              text15       000000
__Htext16                              text16       000000
__Htext17                              text17       000000
__Htext18                              text18       000000
__Htext19                              text19       000000
__Htext2                               text2        000000
__Htext21                              text21       000000
__Htext22                              text22       000000
__Htext23                              text23       000000
__Htext3                               text3        000000
__Htext4                               text4        000000
__Htext5                               text5        000000
__Htext6                               text6        000000
__Htext7                               text7        000000
__Htext8                               text8        000000
__Htext9                               text9        000000
__LRAM                                 (abs)        000001
__L__absolute__                        __absolute__ 000000
__Labs1                                abs1         000000
__Lbank0                               bank0        000000
__Lbank1                               bank1        000000
__Lbank2                               bank2        000000
__Lbank3                               bank3        000000
__Lbank4                               bank4        000000
__Lbank5                               bank5        000000
__Lbigbss                              bigbss       000000
__Lbigdata                             bigdata      000000
__Lbigram                              bigram       000000
__Lbigsfr                              bigsfr       000000
__Lbss                                 bss          000000
__LbssCOMRAM                           bssCOMRAM    000000
__Lcinit                               cinit        000000
__Lclrtext                             clrtext      000000
__Lcomram                              comram       000000
__Lconfig                              config       000000
__Lconst                               const        000000
__LcstackCOMRAM                        cstackCOMRAM 000000
__Ldata                                data         000000
__LdataCOMRAM                          dataCOMRAM   000000
__Leeprom_data                         eeprom_data  000000
__Lfarbss                              farbss       000000
__Lfardata                             fardata      000000
__Lheap                                heap         000000
__Libigdata                            ibigdata     000000
__Lidata                               idata        000000
__LidataCOMRAM                         idataCOMRAM  000000
__Lidloc                               idloc        000000
__Lifardata                            ifardata     000000
__Linit                                init         00000E
__Lintcode                             intcode      000008
__Lintcode_body                        intcode_body 000000
__Lintcodelo                           intcodelo    00000E
__Lintentry                            intentry     000000
__Lintret                              intret       000000
__Lintsave_regs                        intsave_regs 000000
__Lirdata                              irdata       000000
__Lmediumconst                         mediumconst  000000
__LnvCOMRAM                            nvCOMRAM     000000
__LnvFARRAM                            nvFARRAM     000000
__Lnvbit                               nvbit        000000
__Lnvrram                              nvrram       000000
__Lparam                               rparam       000000
__Lpowerup                             powerup      00000E
__Lram                                 ram          000000
__Lramtop                              ramtop       000600
__Lrbit                                rbit         000000
__Lrbss                                rbss         000000
__Lrdata                               rdata        000000
__Lreset_vec                           reset_vec    000000
__Lrparam                              rparam       000000
__Lsfr                                 sfr          000000
__Lsmallconst                          smallconst   000600
__Lspace_0                             (abs)        000000
__Lspace_1                             (abs)        000000
__Lspace_2                             (abs)        000000
__Lspace_4                             (abs)        000000
__Lstack                               stack        000000
__Lstruct                              struct       000000
__Ltemp                                temp         000055
__Ltext                                text         000000
__Ltext0                               text0        000000
__Ltext1                               text1        000000
__Ltext10                              text10       000000
__Ltext11                              text11       000000
__Ltext12                              text12       000000
__Ltext13                              text13       000000
__Ltext14                              text14       000000
__Ltext15                              text15       000000
__Ltext16                              text16       000000
__Ltext17                              text17       000000
__Ltext18                              text18       000000
__Ltext19                              text19       000000
__Ltext2                               text2        000000
__Ltext21                              text21       000000
__Ltext22                              text22       000000
__Ltext23                              text23       000000
__Ltext3                               text3        000000
__Ltext4                               text4        000000
__Ltext5                               text5        000000
__Ltext6                               text6        000000
__Ltext7                               text7        000000
__Ltext8                               text8        000000
__Ltext9                               text9        000000
__S0                                   (abs)        0010D6
__S1                                   (abs)        000056
__S4                                   (abs)        000000
__S5                                   (abs)        000000
___heap_hi                             (abs)        000000
___heap_lo                             (abs)        000000
___inthi_sp                            stack        000000
___intlo_sp                            stack        000000
___lwdiv                               text11       000C72
___lwdiv@counter                       cstackCOMRAM 000045
___lwdiv@dividend                      cstackCOMRAM 00003F
___lwdiv@divisor                       cstackCOMRAM 000041
___lwdiv@quotient                      cstackCOMRAM 000043
___lwmod                               text10       000D4C
___lwmod@counter                       cstackCOMRAM 000043
___lwmod@dividend                      cstackCOMRAM 00003F
___lwmod@divisor                       cstackCOMRAM 000041
___param_bank                          (abs)        000000
___rparam_used                         (abs)        000001
___sp                                  stack        000000
__accesstop                            (abs)        000080
__activetblptr                         (abs)        000002
__end_of_DATAEE_ReadByte               text5        0010B0
__end_of_DATAEE_WriteByte              text2        000EEE
__end_of_INTERRUPT_Initialize          text19       0010D6
__end_of_INTERRUPT_InterruptManagerLow intcode_body 000D4C
__end_of_SYSTEM_Initialize             text15       0010C2
__end_of___lwdiv                       text11       000CE6
__end_of___lwmod                       text10       000DB0
__end_of__initialization               cinit        000F58
__end_of_checkAndInrDcrChar            text14       000C72
__end_of_clear                         text9        001024
__end_of_digitAssign                   text8        000FD2
__end_of_directAssign                  text13       00106C
__end_of_directOrWithDisplay           text7        001048
__end_of_display                       text12       00109C
__end_of_displayISR                    text21       000AF6
__end_of_displayInt                    text6        000BBC
__end_of_initDisplay                   text18       000FFE
__end_of_initExternalInterrupt         text17       0010CC
__end_of_initTimer0                    text16       001086
__end_of_initVariables                 text3        000FA0
__end_of_int2sevenSeg                  smallconst   000628
__end_of_main                          text0        0008EA
__end_of_plusOneWithModulo             text23       000F2C
__end_of_readByte                      text4        000EAE
__end_of_writeByte                     text1        000E62
__end_ofi2___lwmod                     text22       000E14
__initialization                       cinit        000F2C
__mediumconst                          mediumconst  000000
__pbssCOMRAM                           bssCOMRAM    000001
__pcinit                               cinit        000F2C
__pcstackCOMRAM                        cstackCOMRAM 000034
__pdataCOMRAM                          dataCOMRAM   00004D
__pidataCOMRAM                         idataCOMRAM  0010CC
__pintcode                             intcode      000008
__pintcode_body                        intcode_body 000CE6
__pnvCOMRAM                            nvCOMRAM     000053
__psmallconst                          smallconst   000600
__ptext0                               text0        00062A
__ptext1                               text1        000E14
__ptext10                              text10       000D4C
__ptext11                              text11       000C72
__ptext12                              text12       001086
__ptext13                              text13       001048
__ptext14                              text14       000BBC
__ptext15                              text15       0010B0
__ptext16                              text16       00106C
__ptext17                              text17       0010C2
__ptext18                              text18       000FD2
__ptext19                              text19       0010D2
__ptext2                               text2        000EAE
__ptext21                              text21       0008EA
__ptext22                              text22       000DB0
__ptext23                              text23       000EEE
__ptext3                               text3        000F66
__ptext4                               text4        000E62
__ptext5                               text5        00109C
__ptext6                               text6        000AF6
__ptext7                               text7        001024
__ptext8                               text8        000FA0
__ptext9                               text9        000FFE
__ramtop                               ramtop       000600
__smallconst                           smallconst   000600
_alarmLatch                            bssCOMRAM    00001D
_bRequestBufferReleaseForWriting       bssCOMRAM    00001B
_bToggleBitFast                        bssCOMRAM    000017
_bToggleBitSlow                        bssCOMRAM    000016
_bUseDispBuffer1ForReading             bssCOMRAM    00001C
_checkAndInrDcrChar                    text14       000BBC
_clear                                 text9        000FFE
_digitAssign                           text8        000FA0
_directAssign                          text13       001048
_directOrWithDisplay                   text7        001024
_dispMainState                         bssCOMRAM    000024
_dispSubState                          bssCOMRAM    000023
_display                               text12       001086
_displayISR                            text21       0008EA
_displayInt                            text6        000AF6
_filter                                bssCOMRAM    000005
_filterCount                           bssCOMRAM    000007
_fps                                   bssCOMRAM    00000D
_fpsCounter                            bssCOMRAM    00000F
_iADCValCh1                            bssCOMRAM    000003
_iADCValCh2                            bssCOMRAM    000001
_initDisplay                           text18       000FD2
_initExternalInterrupt                 text17       0010C2
_initTimer0                            text16       00106C
_initVariables                         text3        000F66
_int2sevenSeg                          smallconst   000601
_interruptFlag                         bssCOMRAM    000020
_interruptFlagDisp                     bssCOMRAM    00001F
_keyDown                               bssCOMRAM    000027
_keyHold                               bssCOMRAM    000026
_main                                  text0        00062A
_outputCounter                         dataCOMRAM   00004F
_outputLatch                           bssCOMRAM    00001E
_plusOneWithModulo                     text23       000EEE
_pucDispBuffer                         nvCOMRAM     000053
_pucReadDispBuffer                     dataCOMRAM   00004D
_readByte                              text4        000E62
_sec60Counter                          dataCOMRAM   000052
_selectedIndx                          bssCOMRAM    000025
_statusByte0                           bssCOMRAM    000022
_statusByte1                           bssCOMRAM    000021
_tick1000mSec                          bssCOMRAM    000029
_tick1000mSec2                         bssCOMRAM    000019
_tick250mSec                           bssCOMRAM    000028
_tick3000mSec                          bssCOMRAM    000018
_tick500mSec                           bssCOMRAM    00001A
_timer0ReloadVal                       bssCOMRAM    00002A
_ucDispBuffer1                         bssCOMRAM    00002F
_ucDispBuffer2                         bssCOMRAM    00002B
_ucPassword                            dataCOMRAM   000051
_ucScanChannel                         bssCOMRAM    000011
_uiTemp                                bssCOMRAM    00000B
_writeByte                             text1        000E14
btemp                                  temp         000055
checkAndInrDcrChar@lowerLimit          cstackCOMRAM 000042
checkAndInrDcrChar@upperLimit          cstackCOMRAM 000041
checkAndInrDcrChar@value               cstackCOMRAM 00003F
clear@i                                cstackCOMRAM 00003F
digitAssign@digitNo                    cstackCOMRAM 00003F
digitAssign@segmentValue               cstackCOMRAM 000040
directAssign@digitNo                   cstackCOMRAM 00003F
directAssign@segmentValue              cstackCOMRAM 000040
directOrWithDisplay@digitNo            cstackCOMRAM 00003F
directOrWithDisplay@segmentValue       cstackCOMRAM 000040
displayISR@keyPressCounter             bssCOMRAM    000012
displayISR@keyStateSaved               bssCOMRAM    000013
displayISR@keyStatus                   bssCOMRAM    000014
displayISR@ucDispIndx                  bssCOMRAM    000015
displayISR@uiTickCount                 bssCOMRAM    000009
displayInt@dotPosition                 cstackCOMRAM 000048
displayInt@hexData                     cstackCOMRAM 000046
displayInt@i                           cstackCOMRAM 00004A
displayInt@temp                        cstackCOMRAM 000049
end_of_initialization                  cinit        000F58
i2___lwmod                             text22       000DB0
i2___lwmod@counter                     cstackCOMRAM 000038
i2___lwmod@dividend                    cstackCOMRAM 000034
i2___lwmod@divisor                     cstackCOMRAM 000036
int$flags                              temp         000055
int_func                               intcode_body 000CE6
intlevel0                              text         000000
intlevel1                              text         000000
intlevel2                              text         000000
intlevel3                              text         000000
isa$std                                (abs)        000001
isa$xinst                              (abs)        000000
plusOneWithModulo@modulo_val           cstackCOMRAM 000034
plusOneWithModulo@val                  cstackCOMRAM 00003A
readByte@addr                          cstackCOMRAM 000042
readByte@buffer                        cstackCOMRAM 000040
readByte@i                             cstackCOMRAM 000047
readByte@nBytes                        cstackCOMRAM 000043
stackhi                                (abs)        000000
stacklo                                (abs)        000000
start                                  init         00000E
start_initialization                   cinit        000F2C
ttemp5                                 temp         000056
ttemp6                                 temp         000059
ttemp7                                 temp         00005D
writeByte@addr                         cstackCOMRAM 000044
writeByte@buffer                       cstackCOMRAM 000042
writeByte@i                            cstackCOMRAM 000049
writeByte@nBytes                       cstackCOMRAM 000045
wtemp8                                 temp         000056


MODULE INFORMATION

Module		Function		Class		Link	Load	Size
tick.c
		_initExternalInterrupt		CODE           	10C2	0000	10
		_initTimer0    		CODE           	106C	0000	26

tick.c estimated size: 36

eeprom_wrapper.c
		_readByte      		CODE           	0E62	0000	76
		_writeByte     		CODE           	0E14	0000	78

eeprom_wrapper.c estimated size: 154

C:\Program Files\Microchip\xc8\v2.41\pic\sources\c99\common\lwdiv.c
		___lwdiv       		CODE           	0C72	0000	116

C:\Program Files\Microchip\xc8\v2.41\pic\sources\c99\common\lwdiv.c estimated size: 116

displayKeyTickCPU.c
		_initDisplay   		CODE           	0FD2	0000	44
		_display       		CODE           	1086	0000	22
		_checkAndInrDcrChar		CODE           	0BBC	0000	182
		_displayISR    		CODE           	08EA	0000	524
		_displayInt    		CODE           	0AF6	0000	198
		_digitAssign   		CODE           	0FA0	0000	50
		_directAssign  		CODE           	1048	0000	36
		_clear         		CODE           	0FFE	0000	38
		_plusOneWithModulo		CODE           	0EEE	0000	62
		_directOrWithDisplay		CODE           	1024	0000	36

displayKeyTickCPU.c estimated size: 1192

shared
		i2___lwmod     		CODE           	0DB0	0000	100
		__initialization		CODE           	0F2C	0000	44
		_int2sevenSeg  		SMALLCONST     	0601	0000	39

shared estimated size: 183

main.c
		_main          		CODE           	062A	0000	704
		_INTERRUPT_Initialize		CODE           	10D2	0000	4
		_SYSTEM_Initialize		CODE           	10B0	0000	18
		_INTERRUPT_InterruptManagerLow		CODE           	0008	0000	108
		_initVariables 		CODE           	0F66	0000	58

main.c estimated size: 892

memory.c
		_DATAEE_WriteByte		CODE           	0EAE	0000	64
		_DATAEE_ReadByte		CODE           	109C	0000	20

memory.c estimated size: 84

C:\Program Files\Microchip\xc8\v2.41\pic\sources\c99\common\lwmod.c
		___lwmod       		CODE           	0D4C	0000	100

C:\Program Files\Microchip\xc8\v2.41\pic\sources\c99\common\lwmod.c estimated size: 100

